[     289ms] [INFO] %cDownload the React DevTools for a better development experience: https://reactjs.org/link/react-devtools font-weight:bold @ http://localhost:5173/node_modules/.vite/deps/chunk-PNGJSGSD.js?v=2effa7bb:21608
[     402ms] [ERROR] Failed to load resource: the server responded with a status of 401 (Unauthorized) @ http://localhost:4400/api/apps/6a627102d65aedec9330ed4c/entities/User/me:0
[     404ms] [ERROR] [Base44 SDK Error] 401: Request failed with status code 401 @ http://localhost:5173/node_modules/.vite/deps/@base44_sdk.js?v=70691c2a:4477
[     404ms] [ERROR] Error data: {
  "error": "Unauthorized"
} @ http://localhost:5173/node_modules/.vite/deps/@base44_sdk.js?v=70691c2a:4480
[   86373ms] [INFO] %cDownload the React DevTools for a better development experience: https://reactjs.org/link/react-devtools font-weight:bold @ http://localhost:5173/node_modules/.vite/deps/chunk-PNGJSGSD.js?v=2effa7bb:21608
[   86441ms] [ERROR] Failed to load resource: the server responded with a status of 401 (Unauthorized) @ http://localhost:4400/api/apps/6a627102d65aedec9330ed4c/entities/User/me:0
[   86441ms] [ERROR] [Base44 SDK Error] 401: Request failed with status code 401 @ http://localhost:5173/node_modules/.vite/deps/@base44_sdk.js?v=70691c2a:4477
[   86441ms] [ERROR] Error data: {
  "error": "Unauthorized"
} @ http://localhost:5173/node_modules/.vite/deps/@base44_sdk.js?v=70691c2a:4480
[  150538ms] [INFO] %cDownload the React DevTools for a better development experience: https://reactjs.org/link/react-devtools font-weight:bold @ http://localhost:5173/node_modules/.vite/deps/chunk-PNGJSGSD.js?v=2effa7bb:21608
[  150571ms] [ERROR] Failed to load resource: the server responded with a status of 401 (Unauthorized) @ http://localhost:4400/api/apps/6a627102d65aedec9330ed4c/entities/User/me:0
[  150572ms] [ERROR] [Base44 SDK Error] 401: Request failed with status code 401 @ http://localhost:5173/node_modules/.vite/deps/@base44_sdk.js?v=70691c2a:4477
[  150572ms] [ERROR] Error data: {
  "error": "Unauthorized"
} @ http://localhost:5173/node_modules/.vite/deps/@base44_sdk.js?v=70691c2a:4480
[  224995ms] [INFO] %cDownload the React DevTools for a better development experience: https://reactjs.org/link/react-devtools font-weight:bold @ http://localhost:5173/node_modules/.vite/deps/chunk-PNGJSGSD.js?v=2effa7bb:21608
[  225091ms] [ERROR] Failed to load resource: the server responded with a status of 401 (Unauthorized) @ http://localhost:4400/api/apps/6a627102d65aedec9330ed4c/entities/User/me:0
[  225093ms] [ERROR] [Base44 SDK Error] 401: Request failed with status code 401 @ http://localhost:5173/node_modules/.vite/deps/@base44_sdk.js?v=70691c2a:4477
[  225093ms] [ERROR] Error data: {
  "error": "Unauthorized"
} @ http://localhost:5173/node_modules/.vite/deps/@base44_sdk.js?v=70691c2a:4480
