[    1334ms] [INFO] %cDownload the React DevTools for a better development experience: https://reactjs.org/link/react-devtools font-weight:bold @ http://localhost:5173/node_modules/.vite/deps/chunk-PNGJSGSD.js?v=424bb3a4:21608
[    1404ms] [ERROR] Failed to load resource: the server responded with a status of 401 (Unauthorized) @ http://localhost:4400/api/apps/6a627102d65aedec9330ed4c/entities/User/me:0
[    1404ms] [ERROR] [Base44 SDK Error] 401: Request failed with status code 401 @ http://localhost:5173/node_modules/.vite/deps/@base44_sdk.js?v=424bb3a4:4477
[    1404ms] [ERROR] Error data: {
  "error": "Unauthorized"
} @ http://localhost:5173/node_modules/.vite/deps/@base44_sdk.js?v=424bb3a4:4480
[   19779ms] [ERROR] Warning: Function components cannot be given refs. Attempts to access this ref will fail. Did you mean to use React.forwardRef()?%s%s 

Check the render method of `PublicPortalPage`. 
    at Checkbox (http://localhost:5173/src/components/ui.tsx:70:28)
    at div
    at details
    at form
    at div
    at main
    at div
    at PortalFrame (http://localhost:5173/src/pages/PublicPortalPage.tsx:387:24)
    at PublicPortalPage (http://localhost:5173/src/pages/PublicPortalPage.tsx:36:32)
    at RenderedRoute (http://localhost:5173/node_modules/.vite/deps/react-router-dom.js?v=424bb3a4:6669:26)
    at RenderErrorBoundary (http://localhost:5173/node_modules/.vite/deps/react-router-dom.js?v=424bb3a4:6581:5)
    at DataRoutes2 (http://localhost:5173/node_modules/.vite/deps/react-router-dom.js?v=424bb3a4:7443:3)
    at Router (http://localhost:5173/node_modules/.vite/deps/react-router-dom.js?v=424bb3a4:7543:13)
    at RouterProvider (http://localhost:5173/node_modules/.vite/deps/react-router-dom.js?v=424bb3a4:7207:11)
    at RouterProvider2
    at QueryClientProvider (http://localhost:5173/node_modules/.vite/deps/@tanstack_react-query.js?v=424bb3a4:3253:3) @ http://localhost:5173/node_modules/.vite/deps/chunk-PNGJSGSD.js?v=424bb3a4:520
